**********************************

Cluster CR: v1_Namespace_openshift-storage
Reference File: namespace.yaml
Diff Output: diff -u -N TEMP/v1_namespace_openshift-storage TEMP/v1_namespace_openshift-storage
--- TEMP/v1_namespace_openshift-storage	DATE
+++ TEMP/v1_namespace_openshift-storage	DATE
@@ -6,11 +6,10 @@
     openshift.io/sa.scc.supplemental-groups: 1000840000/10000
     openshift.io/sa.scc.uid-range: 1000840000/10000
     reclaimspace.csiaddons.openshift.io/schedule: '@weekly'
-    workload.openshift.io/allowed: management
   labels:
     kubernetes.io/metadata.name: openshift-storage
     olm.operatorgroup.uid/ffcf3f2d-3e37-4772-97bc-983cdfce128b: ""
-    openshift.io/cluster-monitoring: "true"
+    openshift.io/cluster-monitoring: "false"
     pod-security.kubernetes.io/audit: privileged
     pod-security.kubernetes.io/audit-version: v1.24
     pod-security.kubernetes.io/warn: privileged

**********************************

Summary
CRs with diffs: 1/1
No validation issues with the cluster
No CRs are unmatched to reference CRs
Metadata Hash: 51affba3833d822d9bf8b9009dfedd481f6cdee17755bd85a91f88f975b2efb1
No patched CRs
