Reference Contains Templates With Types (kind) Not Supported By Cluster: ClusterRole, ClusterRoleBinding, ConfigMap, Deployment, Role, RoleBinding, Secret, Service, ServiceAccount
Summary
CRs with diffs: 0/1
CRs in reference missing from the cluster: 5
ExamplePart1:
  Dashboard1:
    Missing CRs:
    - cm.yaml
  Dashboard2:
    Missing CRs:
    - deploymentDashboard.yaml
    - deploymentMetrics.yaml
ExamplePart2:
  Dashboard1:
    Missing CRs:
    - cr.yaml
  Dashboard2:
    Missing CRs:
    - crb.yaml
No CRs are unmatched to reference CRs
Metadata Hash: $METADATA_HASH$
No patched CRs
