error: template missing kind: apps.v1.DaemonSet.kube-system.kindnet.yaml
error code:2
