error: "Reference config file is required"
See 'compare -h' for help and examples
error code:2
