**********************************

Cluster CR: v1_ConfigMap_ConfigMap
Reference File: cm-diff.yaml
Description:
  This is a freeform field.  You could point at why this
  particular CR is required, or add an URL that points at more
  documentation.  It is only shown when a difference is detected.
Diff Output: diff -u -N TEMP/v1_configmap_configmap TEMP/v1_configmap_configmap
--- TEMP/v1_configmap_configmap	DATE
+++ TEMP/v1_configmap_configmap	DATE
@@ -1,6 +1,6 @@
 apiVersion: v1
 data:
-  key: wrong value
+  key: value
 kind: ConfigMap
 metadata:
   name: ConfigMap

**********************************

Summary
CRs with diffs: 1/1
No validation issues with the cluster
No CRs are unmatched to reference CRs
Metadata Hash: $METADATA_HASH$
No patched CRs
