error: reference contains template with config per field with InlineDiffFunc that does not exist. InlineDiffFunc: rege
error code:2
