error: "Reference config file doesn't exist"
error code:2
