error: failed to load user overrides: missing reason
error code:2
