error: Reason required when generating overrides
See 'compare -h' for help and examples
error code:2
