Summary
CRs with diffs: 0/1
No validation issues with the cluster
No CRs are unmatched to reference CRs
Metadata Hash: f5e1eb9b990e18e6ce2cf9a939c99909a29f8afbfff2fda0f3b539bb1fdc6adc
No patched CRs
