Summary
CRs with diffs: 0/1
No validation issues with the cluster
No CRs are unmatched to reference CRs
Metadata Hash: ff9ab68ef48d94d9a1c8385a5cf8be657fb76ce0ccde7ed416f4d43870c2b9d1
No patched CRs
