Summary
CRs with diffs: 0/14
No validation issues with the cluster
No CRs are unmatched to reference CRs
Metadata Hash: a79de4c2e84902b9f04017776932b7ef60cde50465b67f8ad29771f6e2910a3f
No patched CRs
