Summary
CRs with diffs: 0/3
No validation issues with the cluster
No CRs are unmatched to reference CRs
Metadata Hash: 4ecf3285b5da9dec14fa03f1002ea1408c54b7b58d00d015cfb35ed832996765
No patched CRs
