error: Reference config isn't in correct format. error: error unmarshaling JSON: while decoding JSON: json: cannot unmarshal string into Go value of type map[string]interface {}
error code:2
