Summary
CRs with diffs: 0/27
No CRs are missing from the cluster
No CRs are unmatched to reference CRs
Metadata Hash: 933892b7ae8a4f5232734acc34f6c93fc223844d836b37af390cfeaecf0b7a99
No patched CRs
