Summary
CRs with diffs: 0/1
CRs in reference missing from the cluster: 1
ExamplePart:
  Description example:
    Missing CRs:
    - cm-missing.yaml
      Description:
        This is a freeform field.  You could point at why this
        particular CR is required, or add an URL that points at more
        documentation.  It is only shown when a difference is detected.
No CRs are unmatched to reference CRs
Metadata Hash: 0fd0aab7eefa0457e1b889b1ba49e12872406547092c5e5ae2b085c916881f35
No patched CRs
