**********************************

Cluster CR: v1_ConfigMap_ConfigMap
Reference File: cm-diff.yaml
Description:
  Template description
Diff Output: diff -u -N TEMP/v1_configmap_configmap TEMP/v1_configmap_configmap
--- TEMP/v1_configmap_configmap	DATE
+++ TEMP/v1_configmap_configmap	DATE
@@ -1,6 +1,6 @@
 apiVersion: v1
 data:
-  key: wrong value
+  key: value
 kind: ConfigMap
 metadata:
   name: ConfigMap

**********************************

Summary
CRs with diffs: 1/1
No validation issues with the cluster
No CRs are unmatched to reference CRs
Metadata Hash: 2234841a2a5d4415d8e201261180b423035b41cef3e626fd3cf130ffb3243401
No patched CRs
