error: too many keys (allOf,anyOf) in index 0 of component DemonSets
error code:2
