Summary
CRs with diffs: 0/3
No CRs are missing from the cluster
No CRs are unmatched to reference CRs
Metadata Hash: 70045b1d31c7a0149fbfce3d269302d1a6da50d63845d29349cc30cead3b2910
