{"Summary":{"RequiredCRS":{"ExamplePart":{"Dashboard":["deploymentDashboard.yaml"]}},"NumMissing":1,"UnmatchedCRS":[],"NumDiffCRs":1,"TotalCRs":1,"MetadataHash":"aa4c94f1307788e1da81f57718a9f1364d35d4ff6099fc633724bcf9d051a094","patchedCRs":0},"Diffs":[{"DiffOutput":"diff -u -N TEMP/apps-v1_deployment_kubernetes-dashboard_dashboard-metrics-scraper TEMP/apps-v1_deployment_kubernetes-dashboard_dashboard-metrics-scraper\n--- TEMP/apps-v1_deployment_kubernetes-dashboard_dashboard-metrics-scraper\tDATE\n+++ TEMP/apps-v1_deployment_kubernetes-dashboard_dashboard-metrics-scraper\tDATE\n@@ -10,7 +10,7 @@\n   revisionHistoryLimit: 10\n   selector:\n     matchLabels:\n-      k8s-app: dashboard-metrics-scraper\n+      k8s-app: dashboard-metrics-scraper-diff\n   template:\n     metadata:\n       labels:\n","CorrelatedTemplate":"deploymentMetrics.yaml","CRName":"apps/v1_Deployment_kubernetes-dashboard_dashboard-metrics-scraper"}]}
