Reference Contains Templates With Types (kind) Not Supported By Cluster: ClusterRole, ClusterRoleBinding, ConfigMap, Deployment, Role, RoleBinding, Secret, Service, ServiceAccount
Summary
CRs with diffs: 0/1
No CRs are missing from the cluster
No CRs are unmatched to reference CRs
Metadata Hash: 020bf68cdd83ffd79e552879bf4b89b3e466100260a21b9d91b839373fa0b439
No patched CRs
